../Core/Src/main.c:148:6:Get_MPU_Angle	1
../Core/Src/main.c:154:6:Reset_MPU_Angle	1
../Core/Src/main.c:161:6:HAL_GPIO_EXTI_Callback	5
../Core/Src/main.c:178:6:encoder_Init_x1	1
../Core/Src/main.c:183:7:encoder_GetSpeed_x1	1
../Core/Src/main.c:191:6:DriverInit	1
../Core/Src/main.c:197:6:DriveMotor	10
../Core/Src/main.c:207:6:HAL_UARTEx_RxEventCallback	3
../Core/Src/main.c:222:6:HAL_TIM_PeriodElapsedCallback	2
../Core/Src/main.c:237:5:main	2
../Core/Src/main.c:326:6:SystemClock_Config	3
../Core/Src/main.c:373:13:MX_TIM1_Init	4
../Core/Src/main.c:419:13:MX_TIM2_Init	3
../Core/Src/main.c:468:13:MX_TIM3_Init	3
../Core/Src/main.c:517:13:MX_TIM5_Init	6
../Core/Src/main.c:576:13:MX_TIM9_Init	5
../Core/Src/main.c:628:13:MX_USART1_UART_Init	2
../Core/Src/main.c:661:13:MX_USART6_UART_Init	2
../Core/Src/main.c:692:13:MX_DMA_Init	1
../Core/Src/main.c:713:13:MX_GPIO_Init	1
../Core/Src/main.c:797:6:Error_Handler	1
